
> clarity-project-tests@1.0.0 test
> vitest run


[1m[46m RUN [49m[22m [36mv3.2.4 [39m[90mC:/Users/HomePC/Desktop/Blockchain/Stacks/atmos[39m

[31m⎯⎯⎯⎯⎯⎯[39m[1m[41m Unhandled Errors [49m[22m[31m⎯⎯⎯⎯⎯⎯[39m
[31m[1m
Vitest caught 1 unhandled error during the test run.
This might cause false positive tests. Resolve unhandled errors to make sure your tests are not affected.[22m[39m

[31m⎯⎯⎯⎯⎯⎯[39m[1m[41m Unhandled Error [49m[22m[31m⎯⎯⎯⎯⎯⎯⎯[39m
[31m[1mTypeError[22m: Cannot read properties of undefined (reading 'coverageFilename')[39m
[90m [2m❯[22m Object.setup node_modules/vitest-environment-clarinet/index.js:[2m21:42[22m[39m
[90m [2m❯[22m withEnv node_modules/vitest/dist/chunks/runBaseTests.9Ij9_de-.js:[2m82:32[22m[39m
[90m [2m❯[22m run node_modules/vitest/dist/chunks/runBaseTests.9Ij9_de-.js:[2m109:8[22m[39m
[90m [2m❯[22m runBaseTests node_modules/vitest/dist/chunks/base.DfmxU-tU.js:[2m32:2[22m[39m
[90m [2m❯[22m ForksBaseWorker.executeTests node_modules/vitest/dist/workers/forks.js:[2m29:4[22m[39m
[90m [2m❯[22m execute node_modules/vitest/dist/worker.js:[2m108:3[22m[39m
[90m [2m❯[22m onMessage node_modules/tinypool/dist/entry/process.js:[2m39:18[22m[39m

[31m⎯⎯⎯⎯⎯⎯⎯⎯⎯⎯⎯⎯⎯⎯⎯⎯⎯⎯⎯⎯⎯⎯⎯⎯⎯⎯⎯⎯⎯⎯[39m


[2m Test Files [22m [90m (1)[39m
[2m      Tests [22m [2mno tests[22m
[2m     Errors [22m [1m[31m1 error[39m[22m
[2m   Start at [22m 14:23:17
[2m   Duration [22m 747ms[2m (transform 34ms, setup 0ms, collect 0ms, tests 0ms, environment 0ms, prepare 0ms)[22m

